TEST 0
	True
TEST 1
	False
TEST 2
	[True, False]
TEST 3
	True
TEST 4
	False
TEST 5
	SO
TEST 6
	O
TEST 7
	SO
TEST 8
	SSO
TEST 9
	SSSO
TEST 10
	SSSSO
TEST 11
	SSSSSO
TEST 12
	SSSSSSO
TEST 13
	SSSSSSSO
TEST 14
	SSSSSSSSO
TEST 15
	SSSSSSSSSO
TEST 16
	SSSSSSSO
TEST 17
	SSSSSSSSSSO
TEST 18
	(True,SSO)
TEST 19
	[]
TEST 20
	[SO]
TEST 21
	[SO, SSO]
TEST 22
	[SO, SSO, SSSO]
TEST 22
	[True, False, True]
TEST 23
	[[SO, SSO, SSSO], [SO, SSO], [SO]]
TEST 24
	True
TEST 25
	False
TEST 26
	False
TEST 27
	False
TEST 28
	SO
TEST 29
	[SO, SSO, SSSO]
TEST 30
	[SSO, SSSO]
TEST 31
	[[SO, SSO], [SO]]
TEST 32
	O
TEST 33
	SO
TEST 34
	SSO
TEST 35
	SSSO
TEST 36
	[SSO, SSSSO, SSSSSSO]
TEST 37
	Hola mundo
