(Program
  (Function
    main
    Unit
    (Block
      (StmtAssign
        a
        (ExprConstNum
          111
        )
      )
      (StmtAssign
        b
        (ExprConstNum
          222
        )
      )
      (StmtAssign
        c
        (ExprConstNum
          333
        )
      )
      (StmtAssign
        d
        (ExprConstNum
          444
        )
      )
      (StmtAssign
        x
        (ExprAdd
          (ExprVar
            a
          )
          (ExprVar
            b
          )
        )
      )
      (StmtAssign
        x
        (ExprSub
          (ExprVar
            a
          )
          (ExprVar
            b
          )
        )
      )
      (StmtAssign
        x
        (ExprMul
          (ExprVar
            a
          )
          (ExprVar
            b
          )
        )
      )
      (StmtAssign
        x
        (ExprAdd
          (ExprAdd
            (ExprVar
              a
            )
            (ExprVar
              b
            )
          )
          (ExprVar
            c
          )
        )
      )
      (StmtAssign
        x
        (ExprAdd
          (ExprVar
            a
          )
          (ExprAdd
            (ExprVar
              b
            )
            (ExprVar
              c
            )
          )
        )
      )
      (StmtAssign
        x
        (ExprSub
          (ExprSub
            (ExprVar
              a
            )
            (ExprVar
              b
            )
          )
          (ExprVar
            c
          )
        )
      )
      (StmtAssign
        x
        (ExprSub
          (ExprVar
            a
          )
          (ExprSub
            (ExprVar
              b
            )
            (ExprVar
              c
            )
          )
        )
      )
      (StmtAssign
        x
        (ExprSub
          (ExprAdd
            (ExprVar
              a
            )
            (ExprVar
              b
            )
          )
          (ExprVar
            c
          )
        )
      )
      (StmtAssign
        x
        (ExprAdd
          (ExprVar
            a
          )
          (ExprSub
            (ExprVar
              b
            )
            (ExprVar
              c
            )
          )
        )
      )
      (StmtAssign
        x
        (ExprAdd
          (ExprSub
            (ExprVar
              a
            )
            (ExprVar
              b
            )
          )
          (ExprVar
            c
          )
        )
      )
      (StmtAssign
        x
        (ExprSub
          (ExprVar
            a
          )
          (ExprAdd
            (ExprVar
              b
            )
            (ExprVar
              c
            )
          )
        )
      )
      (StmtAssign
        x
        (ExprMul
          (ExprMul
            (ExprVar
              a
            )
            (ExprVar
              b
            )
          )
          (ExprVar
            c
          )
        )
      )
      (StmtAssign
        x
        (ExprMul
          (ExprVar
            a
          )
          (ExprMul
            (ExprVar
              b
            )
            (ExprVar
              c
            )
          )
        )
      )
      (StmtAssign
        x
        (ExprAdd
          (ExprVar
            a
          )
          (ExprMul
            (ExprVar
              b
            )
            (ExprVar
              c
            )
          )
        )
      )
      (StmtAssign
        x
        (ExprMul
          (ExprAdd
            (ExprVar
              a
            )
            (ExprVar
              b
            )
          )
          (ExprVar
            c
          )
        )
      )
      (StmtAssign
        x
        (ExprAdd
          (ExprMul
            (ExprVar
              a
            )
            (ExprVar
              b
            )
          )
          (ExprVar
            c
          )
        )
      )
      (StmtAssign
        x
        (ExprMul
          (ExprVar
            a
          )
          (ExprAdd
            (ExprVar
              b
            )
            (ExprVar
              c
            )
          )
        )
      )
      (StmtAssign
        x
        (ExprSub
          (ExprVar
            a
          )
          (ExprMul
            (ExprVar
              b
            )
            (ExprVar
              c
            )
          )
        )
      )
      (StmtAssign
        x
        (ExprMul
          (ExprSub
            (ExprVar
              a
            )
            (ExprVar
              b
            )
          )
          (ExprVar
            c
          )
        )
      )
      (StmtAssign
        x
        (ExprSub
          (ExprMul
            (ExprVar
              a
            )
            (ExprVar
              b
            )
          )
          (ExprVar
            c
          )
        )
      )
      (StmtAssign
        x
        (ExprMul
          (ExprVar
            a
          )
          (ExprSub
            (ExprVar
              b
            )
            (ExprVar
              c
            )
          )
        )
      )
      (StmtAssign
        x
        (ExprEq
          (ExprSub
            (ExprMul
              (ExprVar
                a
              )
              (ExprVar
                b
              )
            )
            (ExprVar
              c
            )
          )
          (ExprAdd
            (ExprAdd
              (ExprVar
                d
              )
              (ExprVar
                d
              )
            )
            (ExprVar
              d
            )
          )
        )
      )
      (StmtAssign
        x
        (ExprNot
          (ExprEq
            (ExprSub
              (ExprMul
                (ExprVar
                  a
                )
                (ExprVar
                  b
                )
              )
              (ExprVar
                c
              )
            )
            (ExprAdd
              (ExprAdd
                (ExprVar
                  d
                )
                (ExprVar
                  d
                )
              )
              (ExprVar
                d
              )
            )
          )
        )
      )
      (StmtAssign
        x
        (ExprNot
          (ExprNot
            (ExprEq
              (ExprSub
                (ExprMul
                  (ExprVar
                    a
                  )
                  (ExprVar
                    b
                  )
                )
                (ExprVar
                  c
                )
              )
              (ExprAdd
                (ExprAdd
                  (ExprVar
                    d
                  )
                  (ExprVar
                    d
                  )
                )
                (ExprVar
                  d
                )
              )
            )
          )
        )
      )
      (StmtAssign
        x
        (ExprAnd
          (ExprNot
            (ExprNot
              (ExprEq
                (ExprSub
                  (ExprMul
                    (ExprVar
                      a
                    )
                    (ExprVar
                      b
                    )
                  )
                  (ExprVar
                    c
                  )
                )
                (ExprAdd
                  (ExprAdd
                    (ExprVar
                      d
                    )
                    (ExprVar
                      d
                    )
                  )
                  (ExprVar
                    d
                  )
                )
              )
            )
          )
          (ExprEq
            (ExprMul
              (ExprVar
                a
              )
              (ExprVar
                a
              )
            )
            (ExprVar
              c
            )
          )
        )
      )
    )
  )
)
