(Program
  (Function
    conj
    Bool
    (Parameter
      a
      Bool
    )
    (Parameter
      b
      Bool
    )
    (Block
      (StmtIfElse
        (ExprVar
          x
        )
        (Block
          (StmtIfElse
            (ExprVar
              y
            )
            (Block
              (StmtAssign
                z
                (ExprConstBool
                  True
                )
              )
            )
            (Block
              (StmtAssign
                z
                (ExprConstBool
                  False
                )
              )
            )
          )
        )
        (Block
          (StmtAssign
            z
            (ExprConstBool
              False
            )
          )
        )
      )
      (StmtReturn
        (ExprVar
          z
        )
      )
    )
  )
  (Function
    main
    Unit
    (Block
      (StmtAssign
        v
        (ExprVecMake
          (ExprConstNum
            0
          )
          (ExprConstNum
            1
          )
        )
      )
      (StmtAssign
        i
        (ExprConstNum
          0
        )
      )
      (StmtWhile
        (ExprLt
          (ExprVar
            i
          )
          (ExprConstNum
            2
          )
        )
        (Block
          (StmtAssign
            j
            (ExprConstNum
              0
            )
          )
          (StmtWhile
            (ExprLt
              (ExprVar
                j
              )
              (ExprConstNum
                2
              )
            )
            (Block
              (StmtIfElse
                (ExprCall
                  conj
                  (ExprEq
                    (ExprVecDeref
                      v
                      (ExprVar
                        i
                      )
                    )
                    (ExprConstNum
                      0
                    )
                  )
                  (ExprEq
                    (ExprVecDeref
                      v
                      (ExprVar
                        j
                      )
                    )
                    (ExprConstNum
                      0
                    )
                  )
                )
                (Block
                  (StmtCall
                    putNum
                    (ExprConstNum
                      1
                    )
                  )
                  (StmtCall
                    putChar
                    (ExprConstNum
                      10
                    )
                  )
                )
                (Block
                  (StmtCall
                    putNum
                    (ExprConstNum
                      0
                    )
                  )
                  (StmtCall
                    putChar
                    (ExprConstNum
                      10
                    )
                  )
                )
              )
              (StmtAssign
                j
                (ExprAdd
                  (ExprVar
                    j
                  )
                  (ExprConstNum
                    1
                  )
                )
              )
            )
          )
          (StmtAssign
            i
            (ExprAdd
              (ExprVar
                i
              )
              (ExprConstNum
                1
              )
            )
          )
        )
      )
    )
  )
)
