(Program
  (Function
    func
    Unit
    (Parameter
      v
      Vec
    )
    (Block
      (StmtVecAssign
        v
        (ExprAdd
          (ExprConstNum
            1
          )
          (ExprConstNum
            1
          )
        )
        (ExprVecDeref
          v
          (ExprAdd
            (ExprConstNum
              2
            )
            (ExprConstNum
              2
            )
          )
        )
      )
    )
  )
  (Function
    main
    Unit
    (Block
      (StmtCall
        func
        (ExprVecMake
          (ExprConstNum
            1
          )
          (ExprAdd
            (ExprConstNum
              2
            )
            (ExprConstNum
              2
            )
          )
          (ExprAdd
            (ExprAdd
              (ExprConstNum
                3
              )
              (ExprConstNum
                3
              )
            )
            (ExprConstNum
              3
            )
          )
          (ExprAdd
            (ExprAdd
              (ExprAdd
                (ExprConstNum
                  4
                )
                (ExprConstNum
                  4
                )
              )
              (ExprConstNum
                4
              )
            )
            (ExprConstNum
              4
            )
          )
          (ExprAdd
            (ExprAdd
              (ExprAdd
                (ExprAdd
                  (ExprConstNum
                    5
                  )
                  (ExprConstNum
                    5
                  )
                )
                (ExprConstNum
                  5
                )
              )
              (ExprConstNum
                5
              )
            )
            (ExprConstNum
              5
            )
          )
        )
      )
    )
  )
)
