(Program
  (Function
    producto
    Int
    (Parameter
      v
      Vec
    )
    (Block
      (StmtAssign
        i
        (ExprConstNum
          0
        )
      )
      (StmtAssign
        p
        (ExprConstNum
          1
        )
      )
      (StmtWhile
        (ExprLt
          (ExprVar
            i
          )
          (ExprVecLength
            v
          )
        )
        (Block
          (StmtAssign
            p
            (ExprMul
              (ExprVar
                p
              )
              (ExprVecDeref
                v
                (ExprVar
                  i
                )
              )
            )
          )
          (StmtAssign
            i
            (ExprAdd
              (ExprVar
                i
              )
              (ExprConstNum
                1
              )
            )
          )
        )
      )
      (StmtReturn
        (ExprVar
          p
        )
      )
    )
  )
  (Function
    main
    Unit
    (Block
      (StmtAssign
        x
        (ExprVecMake
          (ExprConstNum
            5
          )
          (ExprConstNum
            4
          )
          (ExprConstNum
            3
          )
          (ExprConstNum
            2
          )
          (ExprConstNum
            1
          )
        )
      )
      (StmtCall
        putNum
        (ExprCall
          producto
          (ExprVar
            x
          )
        )
      )
    )
  )
)
