(Program
  (Function
    main
    Unit
    (Block
      (StmtAssign
        a
        (ExprConstBool
          True
        )
      )
      (StmtAssign
        b
        (ExprConstBool
          True
        )
      )
      (StmtAssign
        c
        (ExprConstBool
          True
        )
      )
      (StmtIf
        (ExprVar
          a
        )
        (Block
        )
      )
      (StmtIfElse
        (ExprVar
          a
        )
        (Block
        )
        (Block
        )
      )
      (StmtIf
        (ExprVar
          a
        )
        (Block
          (StmtIf
            (ExprVar
              b
            )
            (Block
            )
          )
        )
      )
      (StmtIf
        (ExprVar
          a
        )
        (Block
          (StmtIfElse
            (ExprVar
              b
            )
            (Block
            )
            (Block
            )
          )
        )
      )
      (StmtIfElse
        (ExprVar
          a
        )
        (Block
          (StmtIf
            (ExprVar
              b
            )
            (Block
            )
          )
        )
        (Block
        )
      )
      (StmtIfElse
        (ExprVar
          a
        )
        (Block
          (StmtIfElse
            (ExprVar
              b
            )
            (Block
            )
            (Block
            )
          )
        )
        (Block
        )
      )
      (StmtIfElse
        (ExprVar
          a
        )
        (Block
        )
        (Block
          (StmtIf
            (ExprVar
              c
            )
            (Block
            )
          )
        )
      )
      (StmtIfElse
        (ExprVar
          a
        )
        (Block
        )
        (Block
          (StmtIfElse
            (ExprVar
              c
            )
            (Block
            )
            (Block
            )
          )
        )
      )
      (StmtIfElse
        (ExprVar
          a
        )
        (Block
          (StmtIf
            (ExprVar
              b
            )
            (Block
            )
          )
        )
        (Block
          (StmtIfElse
            (ExprVar
              c
            )
            (Block
            )
            (Block
            )
          )
        )
      )
      (StmtIfElse
        (ExprVar
          a
        )
        (Block
          (StmtIfElse
            (ExprVar
              b
            )
            (Block
            )
            (Block
            )
          )
        )
        (Block
          (StmtIfElse
            (ExprVar
              c
            )
            (Block
            )
            (Block
            )
          )
        )
      )
      (StmtWhile
        (ExprVar
          a
        )
        (Block
          (StmtIf
            (ExprVar
              a
            )
            (Block
            )
          )
          (StmtIfElse
            (ExprVar
              a
            )
            (Block
            )
            (Block
            )
          )
          (StmtIf
            (ExprVar
              a
            )
            (Block
              (StmtIf
                (ExprVar
                  b
                )
                (Block
                )
              )
            )
          )
          (StmtIf
            (ExprVar
              a
            )
            (Block
              (StmtIfElse
                (ExprVar
                  b
                )
                (Block
                )
                (Block
                )
              )
            )
          )
          (StmtIfElse
            (ExprVar
              a
            )
            (Block
              (StmtIf
                (ExprVar
                  b
                )
                (Block
                )
              )
            )
            (Block
            )
          )
          (StmtIfElse
            (ExprVar
              a
            )
            (Block
              (StmtIfElse
                (ExprVar
                  b
                )
                (Block
                )
                (Block
                )
              )
            )
            (Block
            )
          )
          (StmtIfElse
            (ExprVar
              a
            )
            (Block
            )
            (Block
              (StmtIf
                (ExprVar
                  c
                )
                (Block
                )
              )
            )
          )
          (StmtIfElse
            (ExprVar
              a
            )
            (Block
            )
            (Block
              (StmtIfElse
                (ExprVar
                  c
                )
                (Block
                )
                (Block
                )
              )
            )
          )
          (StmtIfElse
            (ExprVar
              a
            )
            (Block
              (StmtIf
                (ExprVar
                  b
                )
                (Block
                )
              )
            )
            (Block
              (StmtIfElse
                (ExprVar
                  c
                )
                (Block
                )
                (Block
                )
              )
            )
          )
          (StmtIfElse
            (ExprVar
              a
            )
            (Block
              (StmtIfElse
                (ExprVar
                  b
                )
                (Block
                )
                (Block
                )
              )
            )
            (Block
              (StmtIfElse
                (ExprVar
                  c
                )
                (Block
                )
                (Block
                )
              )
            )
          )
          (StmtWhile
            (ExprVar
              a
            )
            (Block
              (StmtIf
                (ExprVar
                  a
                )
                (Block
                )
              )
              (StmtIfElse
                (ExprVar
                  a
                )
                (Block
                )
                (Block
                )
              )
              (StmtIf
                (ExprVar
                  a
                )
                (Block
                  (StmtIf
                    (ExprVar
                      b
                    )
                    (Block
                    )
                  )
                )
              )
              (StmtIf
                (ExprVar
                  a
                )
                (Block
                  (StmtIfElse
                    (ExprVar
                      b
                    )
                    (Block
                    )
                    (Block
                    )
                  )
                )
              )
              (StmtIfElse
                (ExprVar
                  a
                )
                (Block
                  (StmtIf
                    (ExprVar
                      b
                    )
                    (Block
                    )
                  )
                )
                (Block
                )
              )
              (StmtIfElse
                (ExprVar
                  a
                )
                (Block
                  (StmtIfElse
                    (ExprVar
                      b
                    )
                    (Block
                    )
                    (Block
                    )
                  )
                )
                (Block
                )
              )
              (StmtIfElse
                (ExprVar
                  a
                )
                (Block
                )
                (Block
                  (StmtIf
                    (ExprVar
                      c
                    )
                    (Block
                    )
                  )
                )
              )
              (StmtIfElse
                (ExprVar
                  a
                )
                (Block
                )
                (Block
                  (StmtIfElse
                    (ExprVar
                      c
                    )
                    (Block
                    )
                    (Block
                    )
                  )
                )
              )
              (StmtIfElse
                (ExprVar
                  a
                )
                (Block
                  (StmtIf
                    (ExprVar
                      b
                    )
                    (Block
                    )
                  )
                )
                (Block
                  (StmtIfElse
                    (ExprVar
                      c
                    )
                    (Block
                    )
                    (Block
                    )
                  )
                )
              )
              (StmtIfElse
                (ExprVar
                  a
                )
                (Block
                  (StmtIfElse
                    (ExprVar
                      b
                    )
                    (Block
                    )
                    (Block
                    )
                  )
                )
                (Block
                  (StmtIfElse
                    (ExprVar
                      c
                    )
                    (Block
                    )
                    (Block
                    )
                  )
                )
              )
            )
          )
        )
      )
    )
  )
)
