(Program
  (Function
    ifa
    Unit
    (Parameter
      a
      Vec
    )
    (Block
      (StmtAssign
        i
        (ExprConstNum
          0
        )
      )
      (StmtWhile
        (ExprLt
          (ExprVar
            i
          )
          (ExprVecLength
            a
          )
        )
        (Block
          (StmtVecAssign
            a
            (ExprVar
              i
            )
            (ExprConstNum
              0
            )
          )
          (StmtAssign
            i
            (ExprAdd
              (ExprVar
                i
              )
              (ExprConstNum
                1
              )
            )
          )
        )
      )
    )
  )
  (Function
    suma
    Unit
    (Parameter
      a
      Vec
    )
    (Parameter
      b
      Vec
    )
    (Parameter
      c
      Vec
    )
    (Block
      (StmtIfElse
        (ExprAnd
          (ExprEq
            (ExprVecLength
              a
            )
            (ExprVecLength
              b
            )
          )
          (ExprEq
            (ExprVecLength
              b
            )
            (ExprVecLength
              c
            )
          )
        )
        (Block
          (StmtAssign
            i
            (ExprConstNum
              0
            )
          )
          (StmtWhile
            (ExprLt
              (ExprVar
                i
              )
              (ExprVecLength
                a
              )
            )
            (Block
              (StmtVecAssign
                c
                (ExprVar
                  i
                )
                (ExprAdd
                  (ExprVecDeref
                    a
                    (ExprVar
                      i
                    )
                  )
                  (ExprVecDeref
                    b
                    (ExprVar
                      i
                    )
                  )
                )
              )
              (StmtAssign
                i
                (ExprAdd
                  (ExprVar
                    i
                  )
                  (ExprConstNum
                    1
                  )
                )
              )
            )
          )
        )
        (Block
          (StmtCall
            ifa
            (ExprVar
              c
            )
          )
        )
      )
    )
  )
  (Function
    main
    Unit
    (Block
      (StmtAssign
        a
        (ExprVecMake
        )
      )
      (StmtAssign
        a
        (ExprVecMake
          (ExprConstNum
            1
          )
        )
      )
      (StmtAssign
        a
        (ExprVecMake
          (ExprConstNum
            1
          )
          (ExprConstNum
            2
          )
        )
      )
      (StmtAssign
        a
        (ExprVecMake
          (ExprConstNum
            1
          )
          (ExprConstNum
            2
          )
          (ExprConstNum
            3
          )
        )
      )
      (StmtAssign
        a
        (ExprVecMake
          (ExprConstNum
            1
          )
          (ExprConstNum
            2
          )
          (ExprConstNum
            4
          )
          (ExprConstNum
            5
          )
          (ExprConstNum
            6
          )
          (ExprConstNum
            7
          )
          (ExprConstNum
            8
          )
          (ExprConstNum
            9
          )
          (ExprConstNum
            10
          )
          (ExprConstNum
            11
          )
          (ExprConstNum
            12
          )
          (ExprConstNum
            999
          )
          (ExprConstNum
            1398332
          )
        )
      )
      (StmtCall
        suma
        (ExprVar
          a
        )
        (ExprVar
          a
        )
        (ExprVar
          a
        )
      )
    )
  )
)
