(Program
  (Function
    main
    Unit
    (Block
      (StmtAssign
        a
        (ExprConstNum
          10
        )
      )
      (StmtAssign
        b
        (ExprConstNum
          11
        )
      )
      (StmtAssign
        c
        (ExprConstNum
          12
        )
      )
      (StmtAssign
        x
        (ExprLe
          (ExprVar
            a
          )
          (ExprVar
            b
          )
        )
      )
      (StmtAssign
        x
        (ExprGe
          (ExprVar
            c
          )
          (ExprVar
            b
          )
        )
      )
      (StmtAssign
        x
        (ExprLt
          (ExprVar
            a
          )
          (ExprVar
            b
          )
        )
      )
      (StmtAssign
        x
        (ExprGt
          (ExprVar
            b
          )
          (ExprVar
            c
          )
        )
      )
      (StmtAssign
        x
        (ExprEq
          (ExprVar
            a
          )
          (ExprVar
            b
          )
        )
      )
      (StmtAssign
        x
        (ExprNe
          (ExprVar
            b
          )
          (ExprVar
            a
          )
        )
      )
      (StmtAssign
        x
        (ExprAnd
          (ExprLt
            (ExprVar
              a
            )
            (ExprVar
              b
            )
          )
          (ExprLt
            (ExprVar
              b
            )
            (ExprVar
              c
            )
          )
        )
      )
      (StmtAssign
        x
        (ExprOr
          (ExprLt
            (ExprVar
              a
            )
            (ExprVar
              b
            )
          )
          (ExprLt
            (ExprVar
              b
            )
            (ExprVar
              c
            )
          )
        )
      )
      (StmtAssign
        x
        (ExprNot
          (ExprLt
            (ExprVar
              a
            )
            (ExprVar
              b
            )
          )
        )
      )
      (StmtAssign
        x
        (ExprAnd
          (ExprAnd
            (ExprLt
              (ExprVar
                a
              )
              (ExprVar
                b
              )
            )
            (ExprLt
              (ExprVar
                b
              )
              (ExprVar
                c
              )
            )
          )
          (ExprLt
            (ExprVar
              c
            )
            (ExprVar
              a
            )
          )
        )
      )
      (StmtAssign
        x
        (ExprOr
          (ExprOr
            (ExprLt
              (ExprVar
                a
              )
              (ExprVar
                b
              )
            )
            (ExprLt
              (ExprVar
                b
              )
              (ExprVar
                c
              )
            )
          )
          (ExprLt
            (ExprVar
              c
            )
            (ExprVar
              a
            )
          )
        )
      )
      (StmtAssign
        x
        (ExprOr
          (ExprAnd
            (ExprLt
              (ExprVar
                a
              )
              (ExprVar
                b
              )
            )
            (ExprLt
              (ExprVar
                b
              )
              (ExprVar
                c
              )
            )
          )
          (ExprLt
            (ExprVar
              c
            )
            (ExprVar
              a
            )
          )
        )
      )
      (StmtAssign
        x
        (ExprAnd
          (ExprOr
            (ExprLt
              (ExprVar
                a
              )
              (ExprVar
                b
              )
            )
            (ExprLt
              (ExprVar
                b
              )
              (ExprVar
                c
              )
            )
          )
          (ExprLt
            (ExprVar
              c
            )
            (ExprVar
              a
            )
          )
        )
      )
      (StmtAssign
        x
        (ExprOr
          (ExprNot
            (ExprLt
              (ExprVar
                a
              )
              (ExprVar
                b
              )
            )
          )
          (ExprNot
            (ExprLt
              (ExprVar
                b
              )
              (ExprVar
                c
              )
            )
          )
        )
      )
      (StmtAssign
        x
        (ExprOr
          (ExprNot
            (ExprNot
              (ExprLt
                (ExprVar
                  a
                )
                (ExprVar
                  b
                )
              )
            )
          )
          (ExprLt
            (ExprVar
              b
            )
            (ExprVar
              c
            )
          )
        )
      )
      (StmtAssign
        x
        (ExprOr
          (ExprLt
            (ExprVar
              a
            )
            (ExprVar
              b
            )
          )
          (ExprNot
            (ExprNot
              (ExprLt
                (ExprVar
                  b
                )
                (ExprVar
                  c
                )
              )
            )
          )
        )
      )
      (StmtAssign
        x
        (ExprNot
          (ExprAnd
            (ExprLt
              (ExprVar
                a
              )
              (ExprVar
                b
              )
            )
            (ExprLt
              (ExprVar
                b
              )
              (ExprVar
                c
              )
            )
          )
        )
      )
      (StmtAssign
        x
        (ExprOr
          (ExprNot
            (ExprAnd
              (ExprLt
                (ExprVar
                  a
                )
                (ExprVar
                  b
                )
              )
              (ExprLt
                (ExprVar
                  b
                )
                (ExprVar
                  c
                )
              )
            )
          )
          (ExprNot
            (ExprAnd
              (ExprLt
                (ExprVar
                  b
                )
                (ExprVar
                  c
                )
              )
              (ExprLt
                (ExprVar
                  a
                )
                (ExprVar
                  b
                )
              )
            )
          )
        )
      )
      (StmtAssign
        x
        (ExprOr
          (ExprNot
            (ExprAnd
              (ExprLt
                (ExprVar
                  a
                )
                (ExprVar
                  b
                )
              )
              (ExprLt
                (ExprVar
                  b
                )
                (ExprVar
                  c
                )
              )
            )
          )
          (ExprNot
            (ExprAnd
              (ExprLt
                (ExprVar
                  b
                )
                (ExprVar
                  c
                )
              )
              (ExprLt
                (ExprVar
                  a
                )
                (ExprVar
                  b
                )
              )
            )
          )
        )
      )
    )
  )
)
