(Program
  (Function
    main
    Unit
    (Block
      (StmtAssign
        a
        (ExprConstBool
          True
        )
      )
      (StmtAssign
        b
        (ExprConstBool
          False
        )
      )
      (StmtAssign
        c
        (ExprConstBool
          True
        )
      )
      (StmtAssign
        x
        (ExprAnd
          (ExprVar
            a
          )
          (ExprVar
            b
          )
        )
      )
      (StmtAssign
        x
        (ExprOr
          (ExprVar
            b
          )
          (ExprVar
            a
          )
        )
      )
      (StmtAssign
        x
        (ExprNot
          (ExprVar
            a
          )
        )
      )
      (StmtAssign
        x
        (ExprAnd
          (ExprAnd
            (ExprVar
              a
            )
            (ExprVar
              b
            )
          )
          (ExprVar
            c
          )
        )
      )
      (StmtAssign
        x
        (ExprAnd
          (ExprVar
            a
          )
          (ExprAnd
            (ExprVar
              b
            )
            (ExprVar
              c
            )
          )
        )
      )
      (StmtAssign
        x
        (ExprOr
          (ExprOr
            (ExprVar
              a
            )
            (ExprVar
              b
            )
          )
          (ExprVar
            c
          )
        )
      )
      (StmtAssign
        x
        (ExprOr
          (ExprVar
            a
          )
          (ExprOr
            (ExprVar
              b
            )
            (ExprVar
              c
            )
          )
        )
      )
      (StmtAssign
        x
        (ExprOr
          (ExprAnd
            (ExprVar
              a
            )
            (ExprVar
              b
            )
          )
          (ExprVar
            c
          )
        )
      )
      (StmtAssign
        x
        (ExprAnd
          (ExprVar
            a
          )
          (ExprOr
            (ExprVar
              b
            )
            (ExprVar
              c
            )
          )
        )
      )
      (StmtAssign
        x
        (ExprAnd
          (ExprOr
            (ExprVar
              a
            )
            (ExprVar
              b
            )
          )
          (ExprVar
            c
          )
        )
      )
      (StmtAssign
        x
        (ExprOr
          (ExprVar
            a
          )
          (ExprAnd
            (ExprVar
              b
            )
            (ExprVar
              c
            )
          )
        )
      )
      (StmtAssign
        x
        (ExprAnd
          (ExprNot
            (ExprVar
              a
            )
          )
          (ExprVar
            b
          )
        )
      )
      (StmtAssign
        x
        (ExprNot
          (ExprAnd
            (ExprVar
              a
            )
            (ExprVar
              b
            )
          )
        )
      )
      (StmtAssign
        x
        (ExprAnd
          (ExprVar
            a
          )
          (ExprNot
            (ExprVar
              b
            )
          )
        )
      )
      (StmtAssign
        x
        (ExprOr
          (ExprNot
            (ExprVar
              a
            )
          )
          (ExprNot
            (ExprVar
              b
            )
          )
        )
      )
      (StmtAssign
        x
        (ExprNot
          (ExprOr
            (ExprVar
              a
            )
            (ExprNot
              (ExprVar
                b
              )
            )
          )
        )
      )
      (StmtAssign
        x
        (ExprOr
          (ExprNot
            (ExprNot
              (ExprVar
                a
              )
            )
          )
          (ExprNot
            (ExprNot
              (ExprVar
                b
              )
            )
          )
        )
      )
      (StmtAssign
        x
        (ExprNot
          (ExprOr
            (ExprNot
              (ExprVar
                a
              )
            )
            (ExprNot
              (ExprNot
                (ExprVar
                  b
                )
              )
            )
          )
        )
      )
      (StmtAssign
        x
        (ExprNot
          (ExprNot
            (ExprOr
              (ExprVar
                a
              )
              (ExprNot
                (ExprNot
                  (ExprVar
                    b
                  )
                )
              )
            )
          )
        )
      )
      (StmtAssign
        x
        (ExprNot
          (ExprOr
            (ExprNot
              (ExprNot
                (ExprVar
                  a
                )
              )
            )
            (ExprNot
              (ExprVar
                b
              )
            )
          )
        )
      )
    )
  )
)
